<html>
<body>
<pre>
<h1>µVision Build Log</h1>
<h2>Project:</h2>
C:\Users\Student\Desktop\210905212\week6\sample\main1.uvproj
Project File Date:  03/29/2023

<h2>Output:</h2>
Build target 'Target 1'
compiling sample.c...
sample.c(41): warning:  #1-D: last line of file ends without a newline
  }
sample.c: 1 warning, 0 errors
linking...
Program Size: Code=1460 RO-data=236 RW-data=16 ZI-data=608  
FromELF: creating hex file...
".\main1.axf" - 0 Error(s), 1 Warning(s).
.
Program Size: Code=1336 RO-data=236 RW-data=20 ZI-data=612  
FromELF: creating hex file...
".\main1.axf" - 0 Error(s), 2 Warning(s).
