<html>
<body>
<pre>
<h1>µVision Build Log</h1>
<h2>Project:</h2>
D:\210905212\example1.uvproj
Project File Date:  02/01/2023

<h2>Output:</h2>
Build target 'Target 1'
assembling q2.s...
q2.s(18): warning: A1581W: Added 2 bytes of padding at address 0xa
linking...
Program Size: Code=20 RO-data=8 RW-data=8 ZI-data=0  
".\example1.axf" - 0 Error(s), 1 Warning(s).
 0 Warning(s).
Target not created
code or Macro
add_ex1.s(13): error: A1163E: Unknown opcode mycode, , expecting opcode or Macro
add_ex1.s(15): error: A1163E: Unknown opcode Reset_Handler , expecting opcode or Macro
add_ex1.s(20): error: A1163E: Unknown opcode R0, , expecting opcode or Macro
add_ex1.s(21): error: A1163E: Unknown opcode R1, , expecting opcode or Macro
add_ex1.s(22): error: A1163E: Unknown opcode R0, , expecting opcode or Macro
add_ex1.s(23): error: A1186E: Code generated in data area
add_ex1.s(25): warning: A1447W: Missing END directive at end of file, but found a label named END
".\example1.axf" - 9 Error(s), 1 Warning(s).
Target not created
named END
".\example1.axf" - 10 Error(s), 1 Warning(s).
Target not created
