<html>
<body>
<pre>
<h1>µVision Build Log</h1>
<h2>Project:</h2>
C:\Users\Student.PRG-38\Desktop\210905212\lab 5\main.uvproj
Project File Date:  03/06/2023

<h2>Output:</h2>
Build target 'Target 1'
assembling q2s.s...
linking...
Program Size: Code=60 RO-data=8 RW-data=4 ZI-data=0  
".\main.axf" - 0 Error(s), 0 Warning(s).
ad register name symbol, expected Integer register
".\main.axf" - 2 Error(s), 0 Warning(s).
Target not created
Error: Could not load file 'C:\Users\Student.PRG-38\Desktop\210905212\lab 5\main.axf'. Debugger aborted !
main.axf" - 2 Error(s), 1 Warning(s).
Target not created
Error: Could not load file 'C:\Users\Student.PRG-38\Desktop\210905212\lab 5\main.axf'. Debugger aborted !
